c:\github\r5rcn-masterserver\build\r5rcn-masterserver\vc143.pdb
c:\github\r5rcn-masterserver\build\r5rcn-masterserver\vc143.idb
c:\github\r5rcn-masterserver\build\r5rcn-masterserver\file_system.obj
c:\github\r5rcn-masterserver\build\r5rcn-masterserver\servers_list.obj
c:\github\r5rcn-masterserver\build\r5rcn-masterserver\ms-https.obj
c:\github\r5rcn-masterserver\build\r5rcn-masterserver\eula.obj
c:\github\r5rcn-masterserver\build\r5rcn-masterserver\ban_list.obj
c:\github\r5rcn-masterserver\x64\debug\r5rcn-masterserver.exe
c:\github\r5rcn-masterserver\build\r5rcn-masterserver\r5rcn-masterserver.ilk
c:\github\r5rcn-masterserver\x64\debug\r5rcn-masterserver.pdb
c:\github\r5rcn-masterserver\x64\debug\libcrypto-3-x64.dll
c:\github\r5rcn-masterserver\x64\debug\libssl-3-x64.dll
c:\github\r5rcn-masterserver\x64\debug\boost_coroutine-vc143-mt-gd-x64-1_82.dll
c:\github\r5rcn-masterserver\x64\debug\boost_context-vc143-mt-gd-x64-1_82.dll
c:\github\r5rcn-masterserver\build\r5rcn-masterserver\r5rcn-masterserver.vcxproj.filelistabsolute.txt
c:\github\r5rcn-masterserver\build\r5rcn-masterserver\r5rcn-ma.891b87e1.tlog\cl.command.1.tlog
c:\github\r5rcn-masterserver\build\r5rcn-masterserver\r5rcn-ma.891b87e1.tlog\cl.items.tlog
c:\github\r5rcn-masterserver\build\r5rcn-masterserver\r5rcn-ma.891b87e1.tlog\cl.read.1.tlog
c:\github\r5rcn-masterserver\build\r5rcn-masterserver\r5rcn-ma.891b87e1.tlog\cl.write.1.tlog
c:\github\r5rcn-masterserver\build\r5rcn-masterserver\r5rcn-ma.891b87e1.tlog\link.command.1.tlog
c:\github\r5rcn-masterserver\build\r5rcn-masterserver\r5rcn-ma.891b87e1.tlog\link.read.1.tlog
c:\github\r5rcn-masterserver\build\r5rcn-masterserver\r5rcn-ma.891b87e1.tlog\link.write.1.tlog
c:\github\r5rcn-masterserver\build\r5rcn-masterserver\r5rcn-ma.891b87e1.tlog\r5rcn-masterserver.write.1u.tlog
